
Running 1 test using 1 worker

  ✘  1 [chromium] › tests/framework/framework.spec.js:5:1 › Framework Validation (Meta-Test) (30.1s)


  1) [chromium] › tests/framework/framework.spec.js:5:1 › Framework Validation (Meta-Test) ─────────

    [31mTest timeout of 30000ms exceeded.[39m

    Error: page.waitForFunction: Test timeout of 30000ms exceeded.

      13 |
      14 |     // Wait for the module script to initialize the globals
    > 15 |     await page.waitForFunction(() => typeof window.runTests === 'function');
         |                ^
      16 |
      17 |     // We inject a fake test suite that contains both passing and intentionally failing assertions
      18 |     const logicCode = `
        at /mypool/frank/cosmos/projects/active/chore_chart/tests/framework/framework.spec.js:15:16

    attachment #1: screenshot (image/png) ──────────────────────────────────────────────────────────
    test-results/framework-framework-Framework-Validation-Meta-Test--chromium/test-failed-1.png
    ────────────────────────────────────────────────────────────────────────────────────────────────

    Error Context: test-results/framework-framework-Framework-Validation-Meta-Test--chromium/error-context.md

    attachment #3: trace (application/zip) ─────────────────────────────────────────────────────────
    test-results/framework-framework-Framework-Validation-Meta-Test--chromium/trace.zip
    Usage:

        npx playwright show-trace test-results/framework-framework-Framework-Validation-Meta-Test--chromium/trace.zip

    ────────────────────────────────────────────────────────────────────────────────────────────────

  1 failed
    [chromium] › tests/framework/framework.spec.js:5:1 › Framework Validation (Meta-Test) ──────────
